../App/Src/Drivers/sensor_inputs.c:20:14:Constrain	24	static
../App/Src/Drivers/sensor_inputs.c:32:21:Linear_Map	40	static
../App/Src/Drivers/sensor_inputs.c:48:14:Voltage_To_kPa_Bosch	24	static
../App/Src/Drivers/sensor_inputs.c:60:14:Voltage_To_kPa_MIP	40	static
../App/Src/Drivers/sensor_inputs.c:80:14:Voltage_To_DegC_A1325	64	static
../App/Src/Drivers/sensor_inputs.c:106:14:Voltage_To_DegC_Bosch	64	static
../App/Src/Drivers/sensor_inputs.c:133:19:Sensors_Init	24	static
../App/Src/Drivers/sensor_inputs.c:158:19:Sensors_Start	16	static
../App/Src/Drivers/sensor_inputs.c:180:6:Update_ADC_Buffers	24	static
../App/Src/Drivers/sensor_inputs.c:194:6:Store_Temperature_Readings	32	static
../App/Src/Drivers/sensor_inputs.c:208:6:Store_Pressure_Readings	32	static
../App/Src/Drivers/sensor_inputs.c:222:6:PWM_SetAll	40	static
../App/Src/Drivers/sensor_inputs.c:247:18:Update_Segment_Temperature_Values	32	static
../App/Src/Drivers/sensor_inputs.c:284:6:HAL_GPIO_EXTI_Callback	24	static
../App/Src/Drivers/sensor_inputs.c:305:6:Update_Fan_Speed	24	static
../App/Src/Drivers/sensor_inputs.c:321:13:Measure_SwitchCircuit_Current	40	static
../App/Src/Drivers/sensor_inputs.c:353:13:Measure_SwitchCircuit_Voltage	32	static
../App/Src/Drivers/sensor_inputs.c:372:6:Store_PowerConsumption_Data	16	static
