../App/Src/Drivers/sensor_inputs.c:17:14:Constrain	24	static
../App/Src/Drivers/sensor_inputs.c:29:21:Linear_Map	40	static
../App/Src/Drivers/sensor_inputs.c:45:14:Voltage_To_kPa_Bosch	24	static
../App/Src/Drivers/sensor_inputs.c:57:14:Voltage_To_kPa_MIP	40	static
../App/Src/Drivers/sensor_inputs.c:77:14:Voltage_To_DegC_A1325	72	static
../App/Src/Drivers/sensor_inputs.c:104:14:Voltage_To_DegC_Bosch	72	static
../App/Src/Drivers/sensor_inputs.c:128:19:Sensors_Init	24	static
../App/Src/Drivers/sensor_inputs.c:153:19:Sensors_Start	16	static
../App/Src/Drivers/sensor_inputs.c:175:6:Update_ADC_Buffers	24	static
../App/Src/Drivers/sensor_inputs.c:189:6:Store_Temperature_Readings	32	static
../App/Src/Drivers/sensor_inputs.c:203:6:Store_Pressure_Readings	32	static
../App/Src/Drivers/sensor_inputs.c:217:6:PWM_SetAll	40	static
../App/Src/Drivers/sensor_inputs.c:242:18:Update_Segment_Temperature_Values	32	static
../App/Src/Drivers/sensor_inputs.c:279:6:HAL_GPIO_EXTI_Callback	24	static
../App/Src/Drivers/sensor_inputs.c:300:6:Update_Fan_Speed	24	static
