../Core/Src/main.c:78:5:main	8	static
../Core/Src/main.c:128:6:SystemClock_Config	88	static
../Core/Src/main.c:170:13:MX_ADC1_Init	24	static
../Core/Src/main.c:270:13:MX_CAN1_Init	8	static
../Core/Src/main.c:307:13:MX_CAN2_Init	8	static
../Core/Src/main.c:344:13:MX_TIM1_Init	96	static
../Core/Src/main.c:427:13:MX_TIM2_Init	32	static
../Core/Src/main.c:470:13:MX_DMA_Init	16	static
../Core/Src/main.c:488:13:MX_GPIO_Init	48	static
../Core/Src/main.c:537:6:Error_Handler	4	static,ignoring_inline_asm
